============================= test session starts =============================
platform win32 -- Python 3.14.0, pytest-9.0.2, pluggy-1.6.0 -- C:\Python314\python.exe
cachedir: .pytest_cache
rootdir: C:\Users\sorou\OneDrive\Desktop\Undercut
plugins: anyio-4.11.0
collecting ... collected 1 item

backend/tests/test_cars.py::TestCarCRUD::test_create_car FAILED          [100%]

================================== FAILURES ===================================
_________________________ TestCarCRUD.test_create_car _________________________

self = <sqlalchemy.engine.base.Connection object at 0x0000028B48CB69F0>
dialect = <sqlalchemy.dialects.sqlite.pysqlite.SQLiteDialect_pysqlite object at 0x0000028B4874DE50>
context = <sqlalchemy.dialects.sqlite.base.SQLiteExecutionContext object at 0x0000028B49DD4670>
statement = <sqlalchemy.dialects.sqlite.base.SQLiteCompiler object at 0x0000028B48CEA950>
parameters = [('5627363b-df37-4722-9652-35bb15b7679b', '1HGBH41JXMN109186', 'Tesla', 'Model 3', 2021, None, ...)]

    def _exec_single_context(
        self,
        dialect: Dialect,
        context: ExecutionContext,
        statement: Union[str, Compiled],
        parameters: Optional[_AnyMultiExecuteParams],
    ) -> CursorResult[Any]:
        """continue the _execute_context() method for a single DBAPI
        cursor.execute() or cursor.executemany() call.
    
        """
        if dialect.bind_typing is BindTyping.SETINPUTSIZES:
            generic_setinputsizes = context._prepare_set_input_sizes()
    
            if generic_setinputsizes:
                try:
                    dialect.do_set_input_sizes(
                        context.cursor, generic_setinputsizes, context
                    )
                except BaseException as e:
                    self._handle_dbapi_exception(
                        e, str(statement), parameters, None, context
                    )
    
        cursor, str_statement, parameters = (
            context.cursor,
            context.statement,
            context.parameters,
        )
    
        effective_parameters: Optional[_AnyExecuteParams]
    
        if not context.executemany:
            effective_parameters = parameters[0]
        else:
            effective_parameters = parameters
    
        if self._has_events or self.engine._has_events:
            for fn in self.dispatch.before_cursor_execute:
                str_statement, effective_parameters = fn(
                    self,
                    cursor,
                    str_statement,
                    effective_parameters,
                    context,
                    context.executemany,
                )
    
        if self._echo:
            self._log_info(str_statement)
    
            stats = context._get_cache_stats()
    
            if not self.engine.hide_parameters:
                self._log_info(
                    "[%s] %r",
                    stats,
                    sql_util._repr_params(
                        effective_parameters,
                        batches=10,
                        ismulti=context.executemany,
                    ),
                )
            else:
                self._log_info(
                    "[%s] [SQL parameters hidden due to hide_parameters=True]",
                    stats,
                )
    
        evt_handled: bool = False
        try:
            if context.execute_style is ExecuteStyle.EXECUTEMANY:
                effective_parameters = cast(
                    "_CoreMultiExecuteParams", effective_parameters
                )
                if self.dialect._has_events:
                    for fn in self.dialect.dispatch.do_executemany:
                        if fn(
                            cursor,
                            str_statement,
                            effective_parameters,
                            context,
                        ):
                            evt_handled = True
                            break
                if not evt_handled:
                    self.dialect.do_executemany(
                        cursor,
                        str_statement,
                        effective_parameters,
                        context,
                    )
            elif not effective_parameters and context.no_parameters:
                if self.dialect._has_events:
                    for fn in self.dialect.dispatch.do_execute_no_params:
                        if fn(cursor, str_statement, context):
                            evt_handled = True
                            break
                if not evt_handled:
                    self.dialect.do_execute_no_params(
                        cursor, str_statement, context
                    )
            else:
                effective_parameters = cast(
                    "_CoreSingleExecuteParams", effective_parameters
                )
                if self.dialect._has_events:
                    for fn in self.dialect.dispatch.do_execute:
                        if fn(
                            cursor,
                            str_statement,
                            effective_parameters,
                            context,
                        ):
                            evt_handled = True
                            break
                if not evt_handled:
>                   self.dialect.do_execute(
                        cursor, str_statement, effective_parameters, context
                    )

..\..\..\AppData\Roaming\Python\Python314\site-packages\sqlalchemy\engine\base.py:1967: 
_ _ _ _ _ _ _ _ _ _ _ _ _ _ _ _ _ _ _ _ _ _ _ _ _ _ _ _ _ _ _ _ _ _ _ _ _ _ _ _

self = <sqlalchemy.dialects.sqlite.pysqlite.SQLiteDialect_pysqlite object at 0x0000028B4874DE50>
cursor = <sqlite3.Cursor object at 0x0000028B49DF6040>
statement = 'INSERT INTO cars (id, vin, make, model, year, trim, transmission, fuel_type, drivetrain, price, currency, mileage, po...air_market_value, deal_grade, ai_verdict) VALUES (?, ?, ?, ?, ?, ?, ?, ?, ?, ?, ?, ?, ?, ?, ?, ?, ?, ?, ?, ?, ?, ?, ?)'
parameters = ('5627363b-df37-4722-9652-35bb15b7679b', '1HGBH41JXMN109186', 'Tesla', 'Model 3', 2021, None, ...)
context = <sqlalchemy.dialects.sqlite.base.SQLiteExecutionContext object at 0x0000028B49DD4670>

    def do_execute(self, cursor, statement, parameters, context=None):
>       cursor.execute(statement, parameters)
E       sqlite3.ProgrammingError: Error binding parameter 15: type 'HttpUrl' is not supported

..\..\..\AppData\Roaming\Python\Python314\site-packages\sqlalchemy\engine\default.py:952: ProgrammingError

The above exception was the direct cause of the following exception:

self = <backend.tests.test_cars.TestCarCRUD object at 0x0000028B48CEDBD0>
client = <starlette.testclient.TestClient object at 0x0000028B48C1F4D0>
sample_car_data = {'currency': 'CAD', 'deal_grade': 'A', 'drivetrain': 'rwd', 'fuel_type': 'electric', ...}

    def test_create_car(self, client, sample_car_data):
        """Test creating a new car."""
>       response = client.post("/cars/", json=sample_car_data)
                   ^^^^^^^^^^^^^^^^^^^^^^^^^^^^^^^^^^^^^^^^^^^

backend\tests\test_cars.py:15: 
_ _ _ _ _ _ _ _ _ _ _ _ _ _ _ _ _ _ _ _ _ _ _ _ _ _ _ _ _ _ _ _ _ _ _ _ _ _ _ _
..\..\..\AppData\Roaming\Python\Python314\site-packages\starlette\testclient.py:546: in post
    return super().post(
..\..\..\AppData\Roaming\Python\Python314\site-packages\httpx\_client.py:1144: in post
    return self.request(
..\..\..\AppData\Roaming\Python\Python314\site-packages\starlette\testclient.py:445: in request
    return super().request(
..\..\..\AppData\Roaming\Python\Python314\site-packages\httpx\_client.py:825: in request
    return self.send(request, auth=auth, follow_redirects=follow_redirects)
           ^^^^^^^^^^^^^^^^^^^^^^^^^^^^^^^^^^^^^^^^^^^^^^^^^^^^^^^^^^^^^^^^
..\..\..\AppData\Roaming\Python\Python314\site-packages\httpx\_client.py:914: in send
    response = self._send_handling_auth(
..\..\..\AppData\Roaming\Python\Python314\site-packages\httpx\_client.py:942: in _send_handling_auth
    response = self._send_handling_redirects(
..\..\..\AppData\Roaming\Python\Python314\site-packages\httpx\_client.py:979: in _send_handling_redirects
    response = self._send_single_request(request)
               ^^^^^^^^^^^^^^^^^^^^^^^^^^^^^^^^^^
..\..\..\AppData\Roaming\Python\Python314\site-packages\httpx\_client.py:1014: in _send_single_request
    response = transport.handle_request(request)
               ^^^^^^^^^^^^^^^^^^^^^^^^^^^^^^^^^
..\..\..\AppData\Roaming\Python\Python314\site-packages\starlette\testclient.py:348: in handle_request
    raise exc
..\..\..\AppData\Roaming\Python\Python314\site-packages\starlette\testclient.py:345: in handle_request
    portal.call(self.app, scope, receive, send)
..\..\..\AppData\Roaming\Python\Python314\site-packages\anyio\from_thread.py:321: in call
    return cast(T_Retval, self.start_task_soon(func, *args).result())
                          ^^^^^^^^^^^^^^^^^^^^^^^^^^^^^^^^^^^^^^^^^^
C:\Python314\Lib\concurrent\futures\_base.py:450: in result
    return self.__get_result()
           ^^^^^^^^^^^^^^^^^^^
C:\Python314\Lib\concurrent\futures\_base.py:395: in __get_result
    raise self._exception
..\..\..\AppData\Roaming\Python\Python314\site-packages\anyio\from_thread.py:252: in _call_func
    retval = await retval_or_awaitable
             ^^^^^^^^^^^^^^^^^^^^^^^^^
..\..\..\AppData\Roaming\Python\Python314\site-packages\fastapi\applications.py:1134: in __call__
    await super().__call__(scope, receive, send)
..\..\..\AppData\Roaming\Python\Python314\site-packages\starlette\applications.py:107: in __call__
    await self.middleware_stack(scope, receive, send)
..\..\..\AppData\Roaming\Python\Python314\site-packages\starlette\middleware\errors.py:186: in __call__
    raise exc
..\..\..\AppData\Roaming\Python\Python314\site-packages\starlette\middleware\errors.py:164: in __call__
    await self.app(scope, receive, _send)
..\..\..\AppData\Roaming\Python\Python314\site-packages\starlette\middleware\cors.py:85: in __call__
    await self.app(scope, receive, send)
..\..\..\AppData\Roaming\Python\Python314\site-packages\starlette\middleware\exceptions.py:63: in __call__
    await wrap_app_handling_exceptions(self.app, conn)(scope, receive, send)
..\..\..\AppData\Roaming\Python\Python314\site-packages\starlette\_exception_handler.py:53: in wrapped_app
    raise exc
..\..\..\AppData\Roaming\Python\Python314\site-packages\starlette\_exception_handler.py:42: in wrapped_app
    await app(scope, receive, sender)
..\..\..\AppData\Roaming\Python\Python314\site-packages\fastapi\middleware\asyncexitstack.py:18: in __call__
    await self.app(scope, receive, send)
..\..\..\AppData\Roaming\Python\Python314\site-packages\starlette\routing.py:716: in __call__
    await self.middleware_stack(scope, receive, send)
..\..\..\AppData\Roaming\Python\Python314\site-packages\starlette\routing.py:736: in app
    await route.handle(scope, receive, send)
..\..\..\AppData\Roaming\Python\Python314\site-packages\starlette\routing.py:290: in handle
    await self.app(scope, receive, send)
..\..\..\AppData\Roaming\Python\Python314\site-packages\fastapi\routing.py:125: in app
    await wrap_app_handling_exceptions(app, request)(scope, receive, send)
..\..\..\AppData\Roaming\Python\Python314\site-packages\starlette\_exception_handler.py:53: in wrapped_app
    raise exc
..\..\..\AppData\Roaming\Python\Python314\site-packages\starlette\_exception_handler.py:42: in wrapped_app
    await app(scope, receive, sender)
..\..\..\AppData\Roaming\Python\Python314\site-packages\fastapi\routing.py:111: in app
    response = await f(request)
               ^^^^^^^^^^^^^^^^
..\..\..\AppData\Roaming\Python\Python314\site-packages\fastapi\routing.py:391: in app
    raw_response = await run_endpoint_function(
..\..\..\AppData\Roaming\Python\Python314\site-packages\fastapi\routing.py:290: in run_endpoint_function
    return await dependant.call(**values)
           ^^^^^^^^^^^^^^^^^^^^^^^^^^^^^^
backend\routers\cars.py:47: in create_car
    db.commit()
..\..\..\AppData\Roaming\Python\Python314\site-packages\sqlalchemy\orm\session.py:2030: in commit
    trans.commit(_to_root=True)
<string>:2: in commit
    ???
..\..\..\AppData\Roaming\Python\Python314\site-packages\sqlalchemy\orm\state_changes.py:137: in _go
    ret_value = fn(self, *arg, **kw)
                ^^^^^^^^^^^^^^^^^^^^
..\..\..\AppData\Roaming\Python\Python314\site-packages\sqlalchemy\orm\session.py:1311: in commit
    self._prepare_impl()
<string>:2: in _prepare_impl
    ???
..\..\..\AppData\Roaming\Python\Python314\site-packages\sqlalchemy\orm\state_changes.py:137: in _go
    ret_value = fn(self, *arg, **kw)
                ^^^^^^^^^^^^^^^^^^^^
..\..\..\AppData\Roaming\Python\Python314\site-packages\sqlalchemy\orm\session.py:1286: in _prepare_impl
    self.session.flush()
..\..\..\AppData\Roaming\Python\Python314\site-packages\sqlalchemy\orm\session.py:4331: in flush
    self._flush(objects)
..\..\..\AppData\Roaming\Python\Python314\site-packages\sqlalchemy\orm\session.py:4466: in _flush
    with util.safe_reraise():
         ^^^^^^^^^^^^^^^^^^^
..\..\..\AppData\Roaming\Python\Python314\site-packages\sqlalchemy\util\langhelpers.py:224: in __exit__
    raise exc_value.with_traceback(exc_tb)
..\..\..\AppData\Roaming\Python\Python314\site-packages\sqlalchemy\orm\session.py:4427: in _flush
    flush_context.execute()
..\..\..\AppData\Roaming\Python\Python314\site-packages\sqlalchemy\orm\unitofwork.py:466: in execute
    rec.execute(self)
..\..\..\AppData\Roaming\Python\Python314\site-packages\sqlalchemy\orm\unitofwork.py:642: in execute
    util.preloaded.orm_persistence.save_obj(
..\..\..\AppData\Roaming\Python\Python314\site-packages\sqlalchemy\orm\persistence.py:93: in save_obj
    _emit_insert_statements(
..\..\..\AppData\Roaming\Python\Python314\site-packages\sqlalchemy\orm\persistence.py:1048: in _emit_insert_statements
    result = connection.execute(
..\..\..\AppData\Roaming\Python\Python314\site-packages\sqlalchemy\engine\base.py:1419: in execute
    return meth(
..\..\..\AppData\Roaming\Python\Python314\site-packages\sqlalchemy\sql\elements.py:527: in _execute_on_connection
    return connection._execute_clauseelement(
..\..\..\AppData\Roaming\Python\Python314\site-packages\sqlalchemy\engine\base.py:1641: in _execute_clauseelement
    ret = self._execute_context(
..\..\..\AppData\Roaming\Python\Python314\site-packages\sqlalchemy\engine\base.py:1846: in _execute_context
    return self._exec_single_context(
..\..\..\AppData\Roaming\Python\Python314\site-packages\sqlalchemy\engine\base.py:1986: in _exec_single_context
    self._handle_dbapi_exception(
..\..\..\AppData\Roaming\Python\Python314\site-packages\sqlalchemy\engine\base.py:2363: in _handle_dbapi_exception
    raise sqlalchemy_exception.with_traceback(exc_info[2]) from e
..\..\..\AppData\Roaming\Python\Python314\site-packages\sqlalchemy\engine\base.py:1967: in _exec_single_context
    self.dialect.do_execute(
_ _ _ _ _ _ _ _ _ _ _ _ _ _ _ _ _ _ _ _ _ _ _ _ _ _ _ _ _ _ _ _ _ _ _ _ _ _ _ _

self = <sqlalchemy.dialects.sqlite.pysqlite.SQLiteDialect_pysqlite object at 0x0000028B4874DE50>
cursor = <sqlite3.Cursor object at 0x0000028B49DF6040>
statement = 'INSERT INTO cars (id, vin, make, model, year, trim, transmission, fuel_type, drivetrain, price, currency, mileage, po...air_market_value, deal_grade, ai_verdict) VALUES (?, ?, ?, ?, ?, ?, ?, ?, ?, ?, ?, ?, ?, ?, ?, ?, ?, ?, ?, ?, ?, ?, ?)'
parameters = ('5627363b-df37-4722-9652-35bb15b7679b', '1HGBH41JXMN109186', 'Tesla', 'Model 3', 2021, None, ...)
context = <sqlalchemy.dialects.sqlite.base.SQLiteExecutionContext object at 0x0000028B49DD4670>

    def do_execute(self, cursor, statement, parameters, context=None):
>       cursor.execute(statement, parameters)
E       sqlalchemy.exc.ProgrammingError: (sqlite3.ProgrammingError) Error binding parameter 15: type 'HttpUrl' is not supported
E       [SQL: INSERT INTO cars (id, vin, make, model, year, trim, transmission, fuel_type, drivetrain, price, currency, mileage, postal_code, seller_type, listing_url, image_url, description, created_at, last_seen_at, status, fair_market_value, deal_grade, ai_verdict) VALUES (?, ?, ?, ?, ?, ?, ?, ?, ?, ?, ?, ?, ?, ?, ?, ?, ?, ?, ?, ?, ?, ?, ?)]
E       [parameters: ('5627363b-df37-4722-9652-35bb15b7679b', '1HGBH41JXMN109186', 'Tesla', 'Model 3', 2021, None, 'automatic', 'electric', 'rwd', 38000.0, 'CAD', 32000, None, None, HttpUrl('https://example.com/car1'), None, None, '2026-01-20 17:10:05.004829', '2026-01-20 17:10:05.004833', 'active', None, None, 'Pending Analysis')]
E       (Background on this error at: https://sqlalche.me/e/20/f405)

..\..\..\AppData\Roaming\Python\Python314\site-packages\sqlalchemy\engine\default.py:952: ProgrammingError
============================== warnings summary ===============================
backend\database.py:23
  C:\Users\sorou\OneDrive\Desktop\Undercut\backend\database.py:23: MovedIn20Warning: The ``declarative_base()`` function is now available as sqlalchemy.orm.declarative_base(). (deprecated since: 2.0) (Background on SQLAlchemy 2.0 at: https://sqlalche.me/e/b8d9)
    Base = declarative_base()

backend\models\car.py:147
  C:\Users\sorou\OneDrive\Desktop\Undercut\backend\models\car.py:147: PydanticDeprecatedSince20: Support for class-based `config` is deprecated, use ConfigDict instead. Deprecated in Pydantic V2.0 to be removed in V3.0. See Pydantic V2 Migration Guide at https://errors.pydantic.dev/2.12/migration/
    class CarResponse(CarBase):

..\..\..\AppData\Roaming\Python\Python314\site-packages\slowapi\extension.py:717: 17 warnings
  C:\Users\sorou\AppData\Roaming\Python\Python314\site-packages\slowapi\extension.py:717: DeprecationWarning: 'asyncio.iscoroutinefunction' is deprecated and slated for removal in Python 3.16; use inspect.iscoroutinefunction() instead
    if asyncio.iscoroutinefunction(func):

backend\models\user.py:73
  C:\Users\sorou\OneDrive\Desktop\Undercut\backend\models\user.py:73: PydanticDeprecatedSince20: Support for class-based `config` is deprecated, use ConfigDict instead. Deprecated in Pydantic V2.0 to be removed in V3.0. See Pydantic V2 Migration Guide at https://errors.pydantic.dev/2.12/migration/
    class UserResponse(UserBase):

backend\models\user.py:110
  C:\Users\sorou\OneDrive\Desktop\Undercut\backend\models\user.py:110: PydanticDeprecatedSince20: Support for class-based `config` is deprecated, use ConfigDict instead. Deprecated in Pydantic V2.0 to be removed in V3.0. See Pydantic V2 Migration Guide at https://errors.pydantic.dev/2.12/migration/
    class SavedCarResponse(BaseModel):

backend\models\alert.py:114
  C:\Users\sorou\OneDrive\Desktop\Undercut\backend\models\alert.py:114: PydanticDeprecatedSince20: Support for class-based `config` is deprecated, use ConfigDict instead. Deprecated in Pydantic V2.0 to be removed in V3.0. See Pydantic V2 Migration Guide at https://errors.pydantic.dev/2.12/migration/
    class AlertResponse(AlertBase):

backend/tests/test_cars.py::TestCarCRUD::test_create_car
  C:\Users\sorou\OneDrive\Desktop\Undercut\backend\routers\cars.py:36: PydanticDeprecatedSince20: The `dict` method is deprecated; use `model_dump` instead. Deprecated in Pydantic V2.0 to be removed in V3.0. See Pydantic V2 Migration Guide at https://errors.pydantic.dev/2.12/migration/
    new_car_data = car.dict()

backend/tests/test_cars.py::TestCarCRUD::test_create_car
  C:\Users\sorou\OneDrive\Desktop\Undercut\backend\routers\cars.py:41: DeprecationWarning: datetime.datetime.utcnow() is deprecated and scheduled for removal in a future version. Use timezone-aware objects to represent datetimes in UTC: datetime.datetime.now(datetime.UTC).
    db_car.created_at = datetime.utcnow()

backend/tests/test_cars.py::TestCarCRUD::test_create_car
  C:\Users\sorou\OneDrive\Desktop\Undercut\backend\routers\cars.py:42: DeprecationWarning: datetime.datetime.utcnow() is deprecated and scheduled for removal in a future version. Use timezone-aware objects to represent datetimes in UTC: datetime.datetime.now(datetime.UTC).
    db_car.last_seen_at = datetime.utcnow()

-- Docs: https://docs.pytest.org/en/stable/how-to/capture-warnings.html
=========================== short test summary info ===========================
FAILED backend/tests/test_cars.py::TestCarCRUD::test_create_car - sqlalchemy....
======================= 1 failed, 25 warnings in 0.49s ========================
